y=24 : ◎  ◎  ◎  ◎  ◎─◎  ◎─◎─◎  ◎  ◎  ◎─◎─◎─◎─◎─◎─◎─◎─◎─◎─◎─◎─◎  ◎  
       │  │  │  │      │  │      │  │  │      │                              │              │  
y=23 : ◎  ◎  ◎  ◎  ◎  ◎─◎  ◎  ◎  ◎─◎─◎─◎  ◎  ◎  ◎─◎─◎─◎─◎  ◎  ◎  ◎  ◎─◎  
       │  │  │  │  │      │  │      │      │  │  │  │  │                      │  │  │      
y=22 : ◎─◎  ◎─◎─◎  ◎  ◎─◎  ◎  ◎─◎  ◎  ◎  ◎  ◎─◎─◎─◎─◎─◎  ◎  ◎  ◎  ◎─●─
       │              │  │  │      │  │              │  │      │              │  │  │  │      
y=21 : ◎  ◎  ◎─◎─◎  ◎  ◎─◎─◎─◎─◎  ◎  ◎  ◎  ◎─◎  ◎─◎─◎─◎  ◎─◎─◎─◎─◎  
       │  │      │  │  │  │                  │  │  │  │                      │                  
y=20 : ◎─◎  ◎  ◎  ◎─◎  ◎─◎─◎  ◎─◎─◎─◎  ◎  ◎─◎  ◎─◎─◎  ◎  ◎─◎─◎  ◎  ◎  
           │  │      │      │          │              │  │      │          │  │          │  │  
y=19 : ◎  ◎  ◎  ◎─◎  ◎  ◎─◎  ◎  ◎─◎  ◎  ◎  ◎─◎─◎  ◎  ◎─◎─◎─◎─◎─◎  ◎─◎  
       │  │  │      │  │  │      │  │      │  │  │          │      │                  │      
y=18 : ◎  ◎  ◎─◎─◎  ◎─◎─◎─◎─◎─◎─◎  ◎─◎  ◎─◎─◎─◎─◎─◎─◎  ◎  ◎─◎─◎  
       │  │          │  │                              │  │          │              │  │      │  
y=17 : ◎  ◎  ◎  ◎  ◎─◎  ◎─◎─◎  ◎  ◎─◎  ◎  ◎─◎  ◎  ◎  ◎  ◎─◎─◎  ◎─◎─◎  ◎  
       │  │  │  │  │      │          │  │      │  │      │  │      │          │              
y=16 : ◎  ◎─◎  ◎─◎─◎─◎─◎  ◎  ◎─◎─◎  ◎─◎  ◎  ◎  ◎─◎  ◎─◎─◎─◎─◎  ◎─◎  
       │  │      │                  │  │              │  │  │  │          │  │          │      
y=15 : ◎─◎  ◎  ◎─◎  ◎─◎─◎─◎─◎─◎  ◎  ◎  ◎─◎─◎─◎  ◎  ◎─◎  ◎─◎─◎  ◎─◎  
           │  │  │      │                      │  │  │          │  │      │              │      
y=14 : ◎─◎  ◎  ◎─◎─◎─◎  ◎  ◎  ◎─◎─◎─◎─◎─◎─◎  ◎─◎─◎  ◎─◎  ◎  ◎─◎  ◎  
           │  │  │              │  │  │                          │          │      │      │  │  
y=13 : ◎  ◎─◎─◎─◎─◎  ◎  ◎─◎  ◎─◎─◎─◎─◎─◎  ◎  ◎  ◎  ◎─◎─◎  ◎  ◎  ◎─◎  
       │  │                  │  │          │                  │      │  │          │  │  │      
y=12 : ●─◎─◎─◎  ◎─◎─◎─◎─◎─◎─◎─◎─◎─◎─◎─◎  ◎  ◎─◎─◎  ◎─◎  ◎─◎─◎  
               │      │              │  │                      │  │  │          │      │          
y=11 : ◎  ◎  ◎─◎─◎─◎─◎  ◎─◎  ◎─◎─◎─◎─◎─◎  ◎─◎─◎  ◎─◎─◎─◎─◎─◎─◎  
       │  │  │  │      │          │  │  │  │  │                  │  │  │              │      
y=10 : ◎  ◎─◎  ◎─◎  ◎─◎─◎  ◎  ◎  ◎  ◎  ◎  ◎─◎─◎─◎  ◎─◎  ◎─◎─◎─◎  ◎─◎  
       │  │  │  │      │  │  │  │          │      │          │  │  │                  │      
y=9  : ◎─◎  ◎  ◎─◎  ◎  ◎  ◎  ◎─◎─◎  ◎─◎─◎─◎─◎  ◎  ◎  ◎  ◎─◎─◎─◎  ◎─◎  
           │  │  │      │          │  │      │              │              │                  │  
y=8  : ◎─◎  ◎  ◎─◎  ◎─◎─◎  ◎  ◎─◎  ◎─◎─◎─◎  ◎─◎─◎─◎─◎─◎─◎─◎─◎  ◎  
       │  │  │  │  │  │  │  │      │  │  │      │      │  │  │          │      │          
y=7  : ◎  ◎  ◎  ◎  ◎  ◎  ◎  ◎─◎  ◎  ◎  ◎─◎  ◎─◎  ◎  ◎  ◎─◎─◎  ◎─◎  ◎─◎  ◎  
       │      │  │      │  │      │      │  │              │      │  │                      │  
y=6  : ◎  ◎─◎  ◎─◎  ◎  ◎─◎  ◎─◎  ◎  ◎─◎─◎─◎  ◎─◎  ◎  ◎─◎─◎─◎─◎─◎─◎  
               │  │      │  │      │          │                          │  │  │  │              
y=5  : ◎─◎─◎  ◎  ◎─◎  ◎  ◎─◎─◎─◎  ◎─◎─◎─◎─◎  ◎─◎─◎  ◎  ◎  ◎─◎─◎─◎  
           │  │          │              │  │  │  │  │  │          │  │          │  │  │      
y=4  : ◎─◎  ◎─◎─◎  ◎─◎  ◎─◎─◎  ◎  ◎  ◎  ◎  ◎─◎─◎  ◎  ◎─◎─◎  ◎  ◎  ◎─◎  
           │  │          │          │  │                  │  │      │  │          │      │  │  
y=3  : ◎─◎  ◎─◎─◎  ◎  ◎─◎─◎  ◎─◎─◎─◎─◎  ◎  ◎─◎  ◎  ◎─◎─◎  ◎─◎  ◎  ◎  
           │  │              │  │  │  │  │  │                      │  │  │                      
y=2  : ◎─◎  ◎─◎─◎─◎  ◎  ◎  ◎  ◎  ◎  ◎─◎─◎─◎─◎─◎  ◎  ◎  ◎─◎─◎  ◎  ◎  ◎  
       │      │      │              │  │      │  │  │  │                  │  │      │  │  │  
y=1  : ◎  ◎─◎─◎  ◎─◎  ◎─◎  ◎  ◎  ◎─◎  ◎  ◎  ◎─◎─◎─◎─◎  ◎  ◎─◎─◎─◎─◎  
       │  │      │  │      │          │      │  │  │  │  │  │              │  │          │  
y=0  : ◎  ◎  ◎─◎  ◎─◎─◎─◎─◎  ◎  ◎─◎  ◎  ◎  ◎  ◎  ◎─◎─◎  ◎─◎  ◎─◎─◎  ◎  
                                                                                                           
